=== F2: context reconstruction (Task -> Steps -> Decisions/Blockers/Files) ===
{
  "task_id": "alpha",
  "task_title": "Build capture + memory layer for Relay",
  "task_status": "completed",
  "steps": [
    {
      "step_id": "step_1",
      "step_order": 0,
      "step_description": "read repo docs",
      "step_status": "completed",
      "decisions": [],
      "blockers": [],
      "files": [
        "capture/src/read_repo_docs.ts"
      ]
    },
    {
      "step_id": "step_2",
      "step_order": 1,
      "step_description": "reproduce the bug",
      "step_status": "completed",
      "decisions": [
        {
          "id": "step_2:decision:2026-08-03T19:11:50.343Z",
          "text": "use MERGE instead of CREATE for graph writes",
          "reasoning": "replay safety on consumer restart"
        }
      ],
      "blockers": [],
      "files": [
        "capture/src/reproduce_the_bug.ts"
      ]
    },
    {
      "step_id": "step_3",
      "step_order": 2,
      "step_description": "write failing test",
      "step_status": "completed",
      "decisions": [
        {
          "id": "step_3:decision:2026-08-03T19:12:51.343Z",
          "text": "pin to the installed Node version instead of upgrading immediately",
          "reasoning": "the LaserData SDK's newer Node requirement isn't worth blocking the whole task over"
        }
      ],
      "blockers": [
        {
          "id": "blocker_3",
          "description": "LaserData SDK requires Node >=22.14",
          "resolved": true
        }
      ],
      "files": [
        "capture/src/write_failing_test.ts"
      ]
    },
    {
      "step_id": "step_4",
      "step_order": 3,
      "step_description": "implement fix",
      "step_status": "completed",
      "decisions": [],
      "blockers": [],
      "files": [
        "capture/src/implement_fix.ts"
      ]
    }
  ]
}

=== F3: open Blocker nodes and what File/Step they touch ===
[]

=== F4: similar past-resolved blocker lookup (keyword-overlap fallback; see f4.ts) ===
[
  {
    "graph": "task_alpha",
    "blocker_id": "blocker_3",
    "blocker_description": "LaserData SDK requires Node >=22.14",
    "via_decision_id": "step_3:decision:2026-08-03T19:12:51.343Z",
    "via_decision_text": "pin to the installed Node version instead of upgrading immediately",
    "score": 0.3333333333333333
  },
  {
    "graph": "task_beta",
    "blocker_id": "blocker_3",
    "blocker_description": "LaserData SDK requires Node >=22.14",
    "via_decision_id": "step_3:decision:2026-08-03T19:12:58.897Z",
    "via_decision_text": "pin to the installed Node version instead of upgrading immediately",
    "score": 0.3333333333333333
  }
]

=== F5: per-task graph isolation ===
[
  {
    "graph": "task_alpha",
    "nodeCountsByLabel": {
      "Task": 1,
      "Step": 4,
      "File": 4,
      "Decision": 2,
      "Blocker": 1
    }
  },
  {
    "graph": "task_beta",
    "nodeCountsByLabel": {
      "Task": 1,
      "Step": 4,
      "File": 4,
      "Decision": 2,
      "Blocker": 1
    }
  }
]
