[laser:fixture] replay dev.session.events/sessions from offset 10
[laser:fixture] got 42 record(s), stream total = 52
{"offset":10,"payload":{"session_id":"sess_732f5b4d","task_id":"alpha","event_type":"terminal_cmd","timestamp":"2026-08-03T19:11:29.843Z","payload":{"step_id":"step_2","command":"npm run typecheck","exit_code":0}}}
{"offset":11,"payload":{"session_id":"sess_732f5b4d","task_id":"alpha","event_type":"note","timestamp":"2026-08-03T19:11:38.843Z","payload":{"kind":"step_completed","step_id":"step_2","description":"reproduce the bug"}}}
{"offset":12,"payload":{"session_id":"sess_732f5b4d","task_id":"alpha","event_type":"note","timestamp":"2026-08-03T19:11:43.843Z","payload":{"kind":"step_started","step_id":"step_3","description":"write failing test","order":2}}}
{"offset":13,"payload":{"session_id":"sess_732f5b4d","task_id":"alpha","event_type":"note","timestamp":"2026-08-03T19:11:47.843Z","payload":{"kind":"blocker_encountered","step_id":"step_3","blocker_id":"blocker_3","description":"LaserData SDK requires Node >=22.14"}}}
{"offset":14,"payload":{"session_id":"sess_732f5b4d","task_id":"alpha","event_type":"note","timestamp":"2026-08-03T19:11:57.843Z","payload":{"kind":"blocker_resolved","step_id":"step_3","blocker_id":"blocker_3"}}}
{"offset":15,"payload":{"session_id":"sess_732f5b4d","task_id":"alpha","event_type":"file_save","timestamp":"2026-08-03T19:11:59.843Z","payload":{"step_id":"step_3","path":"capture/src/write_failing_test.ts"}}}
{"offset":16,"payload":{"session_id":"sess_732f5b4d","task_id":"alpha","event_type":"diff","timestamp":"2026-08-03T19:12:15.843Z","payload":{"step_id":"step_3","path":"capture/src/write_failing_test.ts","lines_changed":36}}}
{"offset":17,"payload":{"session_id":"sess_732f5b4d","task_id":"alpha","event_type":"terminal_cmd","timestamp":"2026-08-03T19:12:21.843Z","payload":{"step_id":"step_3","command":"git diff --stat","exit_code":0}}}
{"offset":18,"payload":{"session_id":"sess_732f5b4d","task_id":"alpha","event_type":"terminal_cmd","timestamp":"2026-08-03T19:12:25.843Z","payload":{"step_id":"step_3","command":"npm test","exit_code":0}}}
{"offset":19,"payload":{"session_id":"sess_732f5b4d","task_id":"alpha","event_type":"note","timestamp":"2026-08-03T19:12:26.843Z","payload":{"kind":"step_completed","step_id":"step_3","description":"write failing test"}}}
{"offset":20,"payload":{"session_id":"sess_732f5b4d","task_id":"alpha","event_type":"note","timestamp":"2026-08-03T19:12:35.843Z","payload":{"kind":"step_started","step_id":"step_4","description":"implement fix","order":3}}}
{"offset":21,"payload":{"session_id":"sess_732f5b4d","task_id":"alpha","event_type":"file_save","timestamp":"2026-08-03T19:12:47.843Z","payload":{"step_id":"step_4","path":"capture/src/implement_fix.ts"}}}
{"offset":22,"payload":{"session_id":"sess_732f5b4d","task_id":"alpha","event_type":"diff","timestamp":"2026-08-03T19:12:53.843Z","payload":{"step_id":"step_4","path":"capture/src/implement_fix.ts","lines_changed":68}}}
{"offset":23,"payload":{"session_id":"sess_732f5b4d","task_id":"alpha","event_type":"terminal_cmd","timestamp":"2026-08-03T19:12:58.843Z","payload":{"step_id":"step_4","command":"npm run seed-graph","exit_code":0}}}
{"offset":24,"payload":{"session_id":"sess_732f5b4d","task_id":"alpha","event_type":"note","timestamp":"2026-08-03T19:13:12.843Z","payload":{"kind":"step_completed","step_id":"step_4","description":"implement fix"}}}
{"offset":25,"payload":{"session_id":"sess_732f5b4d","task_id":"alpha","event_type":"note","timestamp":"2026-08-03T19:13:23.843Z","payload":{"kind":"task_completed","title":"Build capture + memory layer for Relay"}}}
{"offset":26,"payload":{"session_id":"sess_4327e07d","task_id":"beta","event_type":"note","timestamp":"2026-08-03T19:09:44.388Z","payload":{"kind":"task_started","title":"Build capture + memory layer for Relay"}}}
{"offset":27,"payload":{"session_id":"sess_4327e07d","task_id":"beta","event_type":"note","timestamp":"2026-08-03T19:09:51.388Z","payload":{"kind":"step_started","step_id":"step_1","description":"read repo docs","order":0}}}
{"offset":28,"payload":{"session_id":"sess_4327e07d","task_id":"beta","event_type":"file_save","timestamp":"2026-08-03T19:09:57.388Z","payload":{"step_id":"step_1","path":"capture/src/read_repo_docs.ts"}}}
{"offset":29,"payload":{"session_id":"sess_4327e07d","task_id":"beta","event_type":"diff","timestamp":"2026-08-03T19:10:15.388Z","payload":{"step_id":"step_1","path":"capture/src/read_repo_docs.ts","lines_changed":48}}}
{"offset":30,"payload":{"session_id":"sess_4327e07d","task_id":"beta","event_type":"terminal_cmd","timestamp":"2026-08-03T19:10:28.388Z","payload":{"step_id":"step_1","command":"npm test","exit_code":0}}}
{"offset":31,"payload":{"session_id":"sess_4327e07d","task_id":"beta","event_type":"note","timestamp":"2026-08-03T19:10:38.388Z","payload":{"kind":"step_completed","step_id":"step_1","description":"read repo docs"}}}
{"offset":32,"payload":{"session_id":"sess_4327e07d","task_id":"beta","event_type":"note","timestamp":"2026-08-03T19:10:46.388Z","payload":{"kind":"step_started","step_id":"step_2","description":"reproduce the bug","order":1}}}
{"offset":33,"payload":{"session_id":"sess_4327e07d","task_id":"beta","event_type":"note","timestamp":"2026-08-03T19:11:02.388Z","payload":{"kind":"decision","step_id":"step_2","text":"isolate each task in its own FalkorDB graph","reasoning":"avoids cross-task query bleed (F5)"}}}
{"offset":34,"payload":{"session_id":"sess_4327e07d","task_id":"beta","event_type":"file_save","timestamp":"2026-08-03T19:11:05.388Z","payload":{"step_id":"step_2","path":"capture/src/reproduce_the_bug.ts"}}}
{"offset":35,"payload":{"session_id":"sess_4327e07d","task_id":"beta","event_type":"diff","timestamp":"2026-08-03T19:11:10.388Z","payload":{"step_id":"step_2","path":"capture/src/reproduce_the_bug.ts","lines_changed":67}}}
{"offset":36,"payload":{"session_id":"sess_4327e07d","task_id":"beta","event_type":"terminal_cmd","timestamp":"2026-08-03T19:11:19.388Z","payload":{"step_id":"step_2","command":"npm run typecheck","exit_code":0}}}
{"offset":37,"payload":{"session_id":"sess_4327e07d","task_id":"beta","event_type":"note","timestamp":"2026-08-03T19:11:36.388Z","payload":{"kind":"step_completed","step_id":"step_2","description":"reproduce the bug"}}}
{"offset":38,"payload":{"session_id":"sess_4327e07d","task_id":"beta","event_type":"note","timestamp":"2026-08-03T19:11:48.388Z","payload":{"kind":"step_started","step_id":"step_3","description":"write failing test","order":2}}}
{"offset":39,"payload":{"session_id":"sess_4327e07d","task_id":"beta","event_type":"note","timestamp":"2026-08-03T19:11:51.388Z","payload":{"kind":"blocker_encountered","step_id":"step_3","blocker_id":"blocker_3","description":"LaserData SDK requires Node >=22.14"}}}
{"offset":40,"payload":{"session_id":"sess_4327e07d","task_id":"beta","event_type":"note","timestamp":"2026-08-03T19:12:05.388Z","payload":{"kind":"blocker_resolved","step_id":"step_3","blocker_id":"blocker_3"}}}
{"offset":41,"payload":{"session_id":"sess_4327e07d","task_id":"beta","event_type":"file_save","timestamp":"2026-08-03T19:12:13.388Z","payload":{"step_id":"step_3","path":"capture/src/write_failing_test.ts"}}}
{"offset":42,"payload":{"session_id":"sess_4327e07d","task_id":"beta","event_type":"diff","timestamp":"2026-08-03T19:12:14.388Z","payload":{"step_id":"step_3","path":"capture/src/write_failing_test.ts","lines_changed":82}}}
{"offset":43,"payload":{"session_id":"sess_4327e07d","task_id":"beta","event_type":"terminal_cmd","timestamp":"2026-08-03T19:12:33.388Z","payload":{"step_id":"step_3","command":"git diff --stat","exit_code":0}}}
{"offset":44,"payload":{"session_id":"sess_4327e07d","task_id":"beta","event_type":"terminal_cmd","timestamp":"2026-08-03T19:12:35.388Z","payload":{"step_id":"step_3","command":"npm test","exit_code":0}}}
{"offset":45,"payload":{"session_id":"sess_4327e07d","task_id":"beta","event_type":"note","timestamp":"2026-08-03T19:12:38.388Z","payload":{"kind":"step_completed","step_id":"step_3","description":"write failing test"}}}
{"offset":46,"payload":{"session_id":"sess_4327e07d","task_id":"beta","event_type":"note","timestamp":"2026-08-03T19:12:42.388Z","payload":{"kind":"step_started","step_id":"step_4","description":"implement fix","order":3}}}
{"offset":47,"payload":{"session_id":"sess_4327e07d","task_id":"beta","event_type":"file_save","timestamp":"2026-08-03T19:12:43.388Z","payload":{"step_id":"step_4","path":"capture/src/implement_fix.ts"}}}
{"offset":48,"payload":{"session_id":"sess_4327e07d","task_id":"beta","event_type":"diff","timestamp":"2026-08-03T19:12:53.388Z","payload":{"step_id":"step_4","path":"capture/src/implement_fix.ts","lines_changed":80}}}
{"offset":49,"payload":{"session_id":"sess_4327e07d","task_id":"beta","event_type":"terminal_cmd","timestamp":"2026-08-03T19:13:06.388Z","payload":{"step_id":"step_4","command":"npm run seed-graph","exit_code":0}}}
{"offset":50,"payload":{"session_id":"sess_4327e07d","task_id":"beta","event_type":"note","timestamp":"2026-08-03T19:13:26.388Z","payload":{"kind":"step_completed","step_id":"step_4","description":"implement fix"}}}
{"offset":51,"payload":{"session_id":"sess_4327e07d","task_id":"beta","event_type":"note","timestamp":"2026-08-03T19:13:31.388Z","payload":{"kind":"task_completed","title":"Build capture + memory layer for Relay"}}}
